started=2026-09-02T16:30:12-0300
finished=2026-09-02T16:33:27-0300
probe_date=2026-09-02
source=CNJ DataJud Public API
class_code=143
class_label=Suprimento de Idade e/ou Consentimento
query_sha256=a9d24da6afe736c814e56c91302603ff611ebff3037c74164dd078922d369399
tribunals_ok=27
tribunals_error=0
total_public_records=3574
filing_date_missing=0
filing_date_before_1900=0
filing_date_after_snapshot=3363
filing_date_outside_plausible=3363
pre_2013_2018=52
transition_2019=22
post_2020_2024=105
after_2024_to_snapshot=2
has_procedencia_219=981
has_improcedencia_220=106
has_procedencia_parcial_221=39
has_any_merit_flag=1125
privacy=no process identifiers or individual-level records retained
interpretation=diagnostic public-process snapshot; not a secrecy-inclusive census
