[2026-09-04 15:29:16-0300] start | scope=G3_full_frozen_analysis | G0=PASS | G1=PASS | G2=QUALIFIED | protocol=1.0.0 | post_result_protocol=TRUE | R=4.5.2 | fixest=0.13.2 | rdrobust=3.0.0 | data.table=1.18.2.1 | free_mem=20.6GiB 
[2026-09-04 15:29:32-0300] year=2016 | raw=2,857,800 | locatable=120,019 | primary_h180=57,460 | 15.5s | RSS=507MB 
[2026-09-04 15:29:50-0300] year=2017 | raw=2,923,535 | locatable=110,120 | primary_h180=52,840 | 18.3s | RSS=616MB 
[2026-09-04 15:30:09-0300] year=2018 | raw=2,944,932 | locatable=103,503 | primary_h180=49,855 | 19.1s | RSS=634MB 
[2026-09-04 15:30:25-0300] year=2022 | raw=2,561,922 | locatable=68,640 | primary_h180=32,950 | 16.2s | RSS=668MB 
[2026-09-04 15:30:41-0300] year=2023 | raw=2,537,576 | locatable=64,522 | primary_h180=30,768 | 15.9s | RSS=648MB 
[2026-09-04 15:30:54-0300] year=2024 | raw=2,389,325 | locatable=57,353 | primary_h180=27,544 | 12.9s | RSS=655MB 
[2026-09-04 15:30:55-0300] model=G3_PRIMARY_TAU | identified=TRUE | n=126,138 | estimate=0.34196 | RSS=657MB 
[2026-09-04 15:30:55-0300] model=G3_DELAY90 | identified=TRUE | n=126,138 | estimate=0.32308 | RSS=657MB 
[2026-09-04 15:30:55-0300] model=G3_SECONDARY_UNIAO_ESTAVEL | identified=TRUE | n=126,138 | estimate=-0.62758 | RSS=657MB 
[2026-09-04 15:30:56-0300] model=G3_SECONDARY_ANY_UNION | identified=TRUE | n=126,138 | estimate=-0.28562 | RSS=659MB 
[2026-09-04 15:30:56-0300] model=G3_SENS_BW_030 | identified=TRUE | n=41,836 | estimate=0.14792 | RSS=723MB 
[2026-09-04 15:30:56-0300] model=G3_SENS_BW_060 | identified=TRUE | n=84,239 | estimate=0.22426 | RSS=729MB 
[2026-09-04 15:30:56-0300] model=G3_SENS_BW_180 | identified=TRUE | n=251,417 | estimate=0.32159 | RSS=871MB 
[2026-09-04 15:30:56-0300] model=G3_SENS_VCOV_DISTANCE | identified=TRUE | n=126,138 | estimate=0.34196 | RSS=871MB 
[2026-09-04 15:30:56-0300] model=G3_SENS_VCOV_HC1 | identified=TRUE | n=126,138 | estimate=0.34196 | RSS=871MB 
[2026-09-04 15:30:57-0300] model=G3_SENS_REGION_RACE_FE | identified=TRUE | n=126,138 | estimate=0.33041 | RSS=888MB 
[2026-09-04 15:30:57-0300] model=G3_SENS_QUADRATIC_H180 | identified=TRUE | n=251,417 | estimate=0.25670 | RSS=1019MB 
[2026-09-04 15:30:57-0300] model=G3_SENS_DONUT_01 | identified=TRUE | n=123,852 | estimate=0.32532 | RSS=1020MB 
[2026-09-04 15:30:57-0300] model=G3_SENS_DONUT_03 | identified=TRUE | n=121,024 | estimate=0.35559 | RSS=1024MB 
[2026-09-04 15:30:57-0300] model=G3_SENS_DONUT_07 | identified=TRUE | n=115,379 | estimate=0.28015 | RSS=1024MB 
[2026-09-04 15:30:58-0300] model=G3_SENS_INCLUDE_MULTIPLE | identified=TRUE | n=127,465 | estimate=0.34108 | RSS=1157MB 
[2026-09-04 15:30:58-0300] model=G3_SENS_UNKNOWN_AS_NOT_MARRIED | identified=TRUE | n=127,562 | estimate=0.33586 | RSS=1157MB 
[2026-09-04 15:30:58-0300] model=G3_RDROBUST_H030_PRE | identified=TRUE | jump_bc=0.51023 | RSS=1170MB 
[2026-09-04 15:30:58-0300] model=G3_RDROBUST_H030_POST | identified=TRUE | jump_bc=0.61488 | RSS=1170MB 
[2026-09-04 15:30:59-0300] model=G3_RDROBUST_H060_PRE | identified=TRUE | jump_bc=0.28149 | RSS=1241MB 
[2026-09-04 15:30:59-0300] model=G3_RDROBUST_H060_POST | identified=TRUE | jump_bc=0.51638 | RSS=1241MB 
[2026-09-04 15:31:00-0300] model=G3_RDROBUST_H090_PRE | identified=TRUE | jump_bc=0.18443 | RSS=1272MB 
[2026-09-04 15:31:00-0300] model=G3_RDROBUST_H090_POST | identified=TRUE | jump_bc=0.50951 | RSS=1272MB 
[2026-09-04 15:31:02-0300] model=G3_RDROBUST_H180_PRE | identified=TRUE | jump_bc=0.09923 | RSS=1391MB 
[2026-09-04 15:31:03-0300] model=G3_RDROBUST_H180_POST | identified=TRUE | jump_bc=0.47353 | RSS=1391MB 
[2026-09-04 15:31:06-0300] model=G3_RDROBUST_AUTO_PRE | identified=TRUE | jump_bc=0.19232 | RSS=1391MB 
[2026-09-04 15:31:08-0300] model=G3_RDROBUST_AUTO_POST | identified=TRUE | jump_bc=0.48942 | RSS=1391MB 
[2026-09-04 15:31:09-0300] complete | G3=INCONCLUSIVE | G2=QUALIFIED | paper_path=DO_NOT_ADVANCE_AS_CAUSAL_CORE | models=26 | elapsed=1.89min | peak_current_RSS=1401MB 
